1874:C 13 Aug 2024 14:17:58.367 # oO0OoO0OoO0Oo Redis is starting oO0OoO0OoO0Oo
1874:C 13 Aug 2024 14:17:58.367 # Redis version=5.0.7, bits=64, commit=00000000, modified=0, pid=1874, just started
1874:C 13 Aug 2024 14:17:58.367 # Configuration loaded
1874:M 13 Aug 2024 14:17:58.370 * Running mode=standalone, port=6379.
1874:M 13 Aug 2024 14:17:58.370 # Server initialized
1874:M 13 Aug 2024 14:17:58.370 # WARNING you have Transparent Huge Pages (THP) support enabled in your kernel. This will create latency and memory usage issues with Redis. To fix this issue run the command 'echo never > /sys/kernel/mm/transparent_hugepage/enabled' as root, and add it to your /etc/rc.local in order to retain the setting after a reboot. Redis must be restarted after THP is disabled.
1874:M 13 Aug 2024 14:17:58.378 * Ready to accept connections
1874:M 13 Aug 2024 14:18:54.725 * 1 changes in 15 seconds. Saving...
1874:M 13 Aug 2024 14:18:54.726 * Background saving started by pid 2554
2554:C 13 Aug 2024 14:18:54.742 * DB saved on disk
2554:C 13 Aug 2024 14:18:54.743 * RDB: 0 MB of memory used by copy-on-write
1874:M 13 Aug 2024 14:18:54.826 * Background saving terminated with success
1874:M 13 Aug 2024 14:19:10.040 * 1 changes in 15 seconds. Saving...
1874:M 13 Aug 2024 14:19:10.041 * Background saving started by pid 2580
2580:C 13 Aug 2024 14:19:10.070 * DB saved on disk
2580:C 13 Aug 2024 14:19:10.071 * RDB: 0 MB of memory used by copy-on-write
1874:M 13 Aug 2024 14:19:10.141 * Background saving terminated with success
1874:M 13 Aug 2024 14:19:43.495 * 1 changes in 15 seconds. Saving...
1874:M 13 Aug 2024 14:19:43.495 * Background saving started by pid 2605
2605:C 13 Aug 2024 14:19:43.525 * DB saved on disk
2605:C 13 Aug 2024 14:19:43.527 * RDB: 0 MB of memory used by copy-on-write
1874:M 13 Aug 2024 14:19:43.596 * Background saving terminated with success
1874:M 13 Aug 2024 14:19:59.055 * 1 changes in 15 seconds. Saving...
1874:M 13 Aug 2024 14:19:59.056 * Background saving started by pid 2642
2642:C 13 Aug 2024 14:19:59.071 * DB saved on disk
2642:C 13 Aug 2024 14:19:59.072 * RDB: 0 MB of memory used by copy-on-write
1874:M 13 Aug 2024 14:19:59.157 * Background saving terminated with success
1874:M 13 Aug 2024 14:20:15.002 * 1 changes in 15 seconds. Saving...
1874:M 13 Aug 2024 14:20:15.002 * Background saving started by pid 2667
2667:C 13 Aug 2024 14:20:15.016 * DB saved on disk
2667:C 13 Aug 2024 14:20:15.017 * RDB: 0 MB of memory used by copy-on-write
1874:M 13 Aug 2024 14:20:15.103 * Background saving terminated with success
1874:M 13 Aug 2024 14:20:31.087 * 1 changes in 15 seconds. Saving...
1874:M 13 Aug 2024 14:20:31.087 * Background saving started by pid 2682
2682:C 13 Aug 2024 14:20:31.099 * DB saved on disk
2682:C 13 Aug 2024 14:20:31.100 * RDB: 0 MB of memory used by copy-on-write
1874:M 13 Aug 2024 14:20:31.188 * Background saving terminated with success
1874:M 13 Aug 2024 14:20:47.035 * 1 changes in 15 seconds. Saving...
1874:M 13 Aug 2024 14:20:47.035 * Background saving started by pid 2728
2728:C 13 Aug 2024 14:20:47.049 * DB saved on disk
2728:C 13 Aug 2024 14:20:47.050 * RDB: 0 MB of memory used by copy-on-write
1874:M 13 Aug 2024 14:20:47.136 * Background saving terminated with success
1874:M 13 Aug 2024 14:21:03.097 * 1 changes in 15 seconds. Saving...
1874:M 13 Aug 2024 14:21:03.097 * Background saving started by pid 2756
2756:C 13 Aug 2024 14:21:03.110 * DB saved on disk
2756:C 13 Aug 2024 14:21:03.111 * RDB: 0 MB of memory used by copy-on-write
1874:M 13 Aug 2024 14:21:03.198 * Background saving terminated with success
1874:M 13 Aug 2024 14:21:19.039 * 1 changes in 15 seconds. Saving...
1874:M 13 Aug 2024 14:21:19.040 * Background saving started by pid 2770
2770:C 13 Aug 2024 14:21:19.055 * DB saved on disk
2770:C 13 Aug 2024 14:21:19.056 * RDB: 0 MB of memory used by copy-on-write
1874:M 13 Aug 2024 14:21:19.140 * Background saving terminated with success
1874:M 13 Aug 2024 14:21:35.087 * 1 changes in 15 seconds. Saving...
1874:M 13 Aug 2024 14:21:35.087 * Background saving started by pid 2792
2792:C 13 Aug 2024 14:21:35.101 * DB saved on disk
2792:C 13 Aug 2024 14:21:35.102 * RDB: 0 MB of memory used by copy-on-write
1874:M 13 Aug 2024 14:21:35.188 * Background saving terminated with success
1874:M 13 Aug 2024 14:21:51.041 * 1 changes in 15 seconds. Saving...
1874:M 13 Aug 2024 14:21:51.041 * Background saving started by pid 2803
2803:C 13 Aug 2024 14:21:51.056 * DB saved on disk
2803:C 13 Aug 2024 14:21:51.057 * RDB: 0 MB of memory used by copy-on-write
1874:M 13 Aug 2024 14:21:51.142 * Background saving terminated with success
1874:M 13 Aug 2024 14:22:07.001 * 1 changes in 15 seconds. Saving...
1874:M 13 Aug 2024 14:22:07.001 * Background saving started by pid 2814
2814:C 13 Aug 2024 14:22:07.015 * DB saved on disk
2814:C 13 Aug 2024 14:22:07.016 * RDB: 0 MB of memory used by copy-on-write
1874:M 13 Aug 2024 14:22:07.101 * Background saving terminated with success
1874:M 13 Aug 2024 14:22:23.049 * 1 changes in 15 seconds. Saving...
1874:M 13 Aug 2024 14:22:23.050 * Background saving started by pid 2844
2844:C 13 Aug 2024 14:22:23.066 * DB saved on disk
2844:C 13 Aug 2024 14:22:23.067 * RDB: 0 MB of memory used by copy-on-write
1874:M 13 Aug 2024 14:22:23.150 * Background saving terminated with success
1874:M 13 Aug 2024 14:22:39.004 * 1 changes in 15 seconds. Saving...
1874:M 13 Aug 2024 14:22:39.005 * Background saving started by pid 2861
2861:C 13 Aug 2024 14:22:39.024 * DB saved on disk
2861:C 13 Aug 2024 14:22:39.025 * RDB: 0 MB of memory used by copy-on-write
1874:M 13 Aug 2024 14:22:39.106 * Background saving terminated with success
1874:M 13 Aug 2024 14:22:55.058 * 1 changes in 15 seconds. Saving...
1874:M 13 Aug 2024 14:22:55.059 * Background saving started by pid 2882
2882:C 13 Aug 2024 14:22:55.076 * DB saved on disk
2882:C 13 Aug 2024 14:22:55.077 * RDB: 0 MB of memory used by copy-on-write
1874:M 13 Aug 2024 14:22:55.160 * Background saving terminated with success
1874:M 13 Aug 2024 14:23:11.015 * 1 changes in 15 seconds. Saving...
1874:M 13 Aug 2024 14:23:11.016 * Background saving started by pid 2896
2896:C 13 Aug 2024 14:23:11.029 * DB saved on disk
2896:C 13 Aug 2024 14:23:11.029 * RDB: 0 MB of memory used by copy-on-write
1874:M 13 Aug 2024 14:23:11.117 * Background saving terminated with success
1874:M 13 Aug 2024 14:23:27.072 * 1 changes in 15 seconds. Saving...
1874:M 13 Aug 2024 14:23:27.073 * Background saving started by pid 2910
2910:C 13 Aug 2024 14:23:27.084 * DB saved on disk
2910:C 13 Aug 2024 14:23:27.085 * RDB: 0 MB of memory used by copy-on-write
1874:M 13 Aug 2024 14:23:27.173 * Background saving terminated with success
1874:M 13 Aug 2024 14:23:43.037 * 1 changes in 15 seconds. Saving...
1874:M 13 Aug 2024 14:23:43.037 * Background saving started by pid 2921
2921:C 13 Aug 2024 14:23:43.052 * DB saved on disk
2921:C 13 Aug 2024 14:23:43.053 * RDB: 0 MB of memory used by copy-on-write
1874:M 13 Aug 2024 14:23:43.138 * Background saving terminated with success
1874:signal-handler (1723559029) Received SIGTERM scheduling shutdown...
1874:M 13 Aug 2024 14:23:49.857 # User requested shutdown...
1874:M 13 Aug 2024 14:23:49.857 * Saving the final RDB snapshot before exiting.
1874:M 13 Aug 2024 14:23:49.870 * DB saved on disk
1874:M 13 Aug 2024 14:23:49.870 # Redis is now ready to exit, bye bye...
